Turbo Assembler	 Version 3.1	    04/16/22 23:21:09	    Page 1
lab6.asm



      1	0000			     .MODEL small
      2	0000			     .Stack 100h
      3	0000			     DATA segment
      4
      5	0000  0002		     a dw 2
      6	0002  0005		     c dw 5
      7	0004  0001		     d dw 1
      8	0006  0004		     q dw 4
      9	0008  0017		     w dw 23
     10	000A  0002		     e dw 2
     11	000C  ????		     r dw ?
     12	000E  ????		     g dw ?
     13	0010  ????		     y dw ?
     14	0012  ????		     u dw ?
     15	0014  ????		     znam dw ?
     16
     17	0016  45 72 72 6F 72 21	20+  String db 'Error! Devision	by zero.$'
     18	      44 65 76 69 73 69	6F+
     19	      6E 20 62 79 20 7A	65+
     20	      72 6F 2E 24
     21	002F			     DATA ends
     22	0000			     CODE segment
     23				     assume CS:CODE, DS:DATA
     24
     25
     26	0000			     Start:
     27	0000  B8 0000s		     MOV AX, DATA
     28	0003  8E D8		     mov DS,AX
     29
     30	0005  A1 0000r		     mov AX, a
     31	0008  99		     cwd
     32	0009  F7 3E 000Ar	     idiv e
     33	000D  A3 0010r		     mov y, AX
     34
     35	0010  A1 0004r		     mov AX, d
     36	0013  99		     cwd
     37	0014  F7 2E 0006r	     imul q
     38	0018  A3 0012r		     mov u,AX
     39
     40	001B  A1 0010r		     mov AX,y
     41	001E  1B 06 0012r	     sbb AX,u
     42
     43	0022  3D 0001		     cmp AX, 1
     44	0025  74 50		     je	@err
     45
     46	0027  1D 0001		     sbb AX,1
     47	002A  A3 0014r		     mov znam,AX
     48
     49	002D  A1 0002r		     mov AX, c
     50	0030  99		     cwd
     51	0031  F7 2E 0004r	     imul d
     52	0035  A3 000Cr		     mov r, AX
     53
     54	0038  A1 0008r		     mov AX, w
     55	003B  13 06 000Cr	     adc AX, r
     56	003F  99		     cwd
     57	0040  F7 3E 0014r	     idiv znam
Turbo Assembler	 Version 3.1	    04/16/22 23:21:09	    Page 2
lab6.asm



     58
     59	0044  A3 000Er		     mov g,AX
     60	0047  33 C0		     xor AX,AX
     61	0049  A1 000Er		     mov AX,g
     62	004C  50		     push AX
     63	004D  3D 0000		     cmp AX, 0
     64	0050  79 09		     jns @plus
     65	0052  B4 02		     mov ah, 02h
     66	0054  B2 2D		     mov DL, '-'
     67	0056  CD 21		     int 21h
     68	0058  58		     pop AX
     69	0059  F7 D8		     neg AX
     70	005B			     @plus:
     71	005B  33 C9		     xor CX, CX
     72	005D  BB 000A		     mov BX,10
     73
     74	0060			     @dvsn:
     75	0060  33 D2		     xor DX,DX
     76	0062  F7 F3		     div BX
     77	0064  52		     push DX
     78
     79	0065  41		     inc CX
     80	0066  85 C0		     test AX,AX
     81	0068  75 F6		     jnz @dvsn
     82	006A  B4 02		     mov AH,02h
     83	006C			     @vivod:
     84	006C  5A		     pop DX
     85	006D  80 C2 30		     add DL, 30h
     86	0070  CD 21		     int 21h
     87	0072  E2 F8		     loop @vivod
     88	0074  EB 08 90		     jmp @end
     89	0077			     @err:
     90	0077  BA 0016r		     mov DX, offset String
     91	007A  B4 09		     mov AH, 09h
     92	007C  CD 21		     int 21h
     93	007E			     @end:
     94	007E  B8 4C00		     mov AX,4c00h
     95	0081  CD 21		     int 21h
     96	0083			     CODE ends
     97				     end Start
Turbo Assembler	 Version 3.1	    04/16/22 23:21:09	    Page 3
Symbol Table




Symbol Name			  Type	 Value

??DATE				  Text	 "04/16/22"
??FILENAME			  Text	 "lab6	  "
??TIME				  Text	 "23:21:09"
??VERSION			  Number 030A
@32BIT				  Text	 0
@CODE				  Text	 _TEXT
@CODESIZE			  Text	 0
@CPU				  Text	 0101H
@CURSEG				  Text	 CODE
@DATA				  Text	 DGROUP
@DATASIZE			  Text	 0
@DVSN				  Near	 CODE:0060
@END				  Near	 CODE:007E
@ERR				  Near	 CODE:0077
@FILENAME			  Text	 LAB6
@INTERFACE			  Text	 00H
@MODEL				  Text	 2
@PLUS				  Near	 CODE:005B
@STACK				  Text	 DGROUP
@VIVOD				  Near	 CODE:006C
@WORDSIZE			  Text	 2
A				  Word	 DATA:0000
C				  Word	 DATA:0002
D				  Word	 DATA:0004
E				  Word	 DATA:000A
G				  Word	 DATA:000E
Q				  Word	 DATA:0006
R				  Word	 DATA:000C
START				  Near	 CODE:0000
STRING				  Byte	 DATA:0016
U				  Word	 DATA:0012
W				  Word	 DATA:0008
Y				  Word	 DATA:0010
ZNAM				  Word	 DATA:0014

Groups & Segments		  Bit Size Align  Combine Class

CODE				  16  0083 Para	  none
DATA				  16  002F Para	  none
DGROUP				  Group
  STACK				  16  0100 Para	  Stack	  STACK
  _DATA				  16  0000 Word	  Public  DATA
_TEXT				  16  0000 Word	  Public  CODE
